  Determining projects to restore...
  All projects are up-to-date for restore.
  LinkDev.Talabat.Core -> D:\github_repos\LinkDev.Talabat.Solution\LinkDev.Talabat.Core\bin\Debug\net8.0\LinkDev.Talabat.Core.dll
  LinkDev.Talabat.Infrastructure -> D:\github_repos\LinkDev.Talabat.Solution\LinkDev.Talabat.Infrastructure\bin\Debug\net8.0\LinkDev.Talabat.Infrastructure.dll
D:\github_repos\LinkDev.Talabat.Solution\LinkDev.Talabat.Services\AuthService.cs(89,17): warning CS8602: Dereference of a possibly null reference. [D:\github_repos\LinkDev.Talabat.Solution\LinkDev.Talabat.Services\LinkDev.Talabat.Application.csproj]
D:\github_repos\LinkDev.Talabat.Solution\LinkDev.Talabat.Services\AuthService.cs(97,61): warning CS8604: Possible null reference argument for parameter 'user' in 'Task<IList<string>> UserManager<ApplicationUser>.GetRolesAsync(ApplicationUser user)'. [D:\github_repos\LinkDev.Talabat.Solution\LinkDev.Talabat.Services\LinkDev.Talabat.Application.csproj]
D:\github_repos\LinkDev.Talabat.Solution\LinkDev.Talabat.Services\PaymentService.cs(50,38): warning CS8604: Possible null reference argument for parameter 'source' in 'decimal Enumerable.Sum<BasketItem>(IEnumerable<BasketItem> source, Func<BasketItem, decimal> selector)'. [D:\github_repos\LinkDev.Talabat.Solution\LinkDev.Talabat.Services\LinkDev.Talabat.Application.csproj]
D:\github_repos\LinkDev.Talabat.Solution\LinkDev.Talabat.Services\PaymentService.cs(62,38): warning CS8604: Possible null reference argument for parameter 'source' in 'decimal Enumerable.Sum<BasketItem>(IEnumerable<BasketItem> source, Func<BasketItem, decimal> selector)'. [D:\github_repos\LinkDev.Talabat.Solution\LinkDev.Talabat.Services\LinkDev.Talabat.Application.csproj]
D:\github_repos\LinkDev.Talabat.Solution\LinkDev.Talabat.Services\AuthService.cs(128,51): warning CS8604: Possible null reference argument for parameter 'to' in 'Task IEmailService.SendEmailAsync(string to, string subject, string body, CancellationToken cancellationToken = default(CancellationToken))'. [D:\github_repos\LinkDev.Talabat.Solution\LinkDev.Talabat.Services\LinkDev.Talabat.Application.csproj]
D:\github_repos\LinkDev.Talabat.Solution\LinkDev.Talabat.Services\AuthService.cs(138,47): warning CS8604: Possible null reference argument for parameter 'to' in 'Task IEmailService.SendEmailAsync(string to, string subject, string body, CancellationToken cancellationToken = default(CancellationToken))'. [D:\github_repos\LinkDev.Talabat.Solution\LinkDev.Talabat.Services\LinkDev.Talabat.Application.csproj]
D:\github_repos\LinkDev.Talabat.Solution\LinkDev.Talabat.Services\RoleService.cs(147,67): warning CS8620: Argument of type 'List<string?>' cannot be used for parameter 'data' of type 'IReadOnlyList<string>' in 'OperationResult<IReadOnlyList<string>> OperationResult<IReadOnlyList<string>>.Success(IReadOnlyList<string> data)' due to differences in the nullability of reference types. [D:\github_repos\LinkDev.Talabat.Solution\LinkDev.Talabat.Services\LinkDev.Talabat.Application.csproj]
D:\github_repos\LinkDev.Talabat.Solution\LinkDev.Talabat.Services\AuthService.cs(332,47): warning CS8604: Possible null reference argument for parameter 'to' in 'Task IEmailService.SendEmailAsync(string to, string subject, string body, CancellationToken cancellationToken = default(CancellationToken))'. [D:\github_repos\LinkDev.Talabat.Solution\LinkDev.Talabat.Services\LinkDev.Talabat.Application.csproj]
D:\github_repos\LinkDev.Talabat.Solution\LinkDev.Talabat.Services\AuthService.cs(356,13): warning CS8602: Dereference of a possibly null reference. [D:\github_repos\LinkDev.Talabat.Solution\LinkDev.Talabat.Services\LinkDev.Talabat.Application.csproj]
D:\github_repos\LinkDev.Talabat.Solution\LinkDev.Talabat.Services\AuthService.cs(389,47): warning CS8604: Possible null reference argument for parameter 'to' in 'Task IEmailService.SendEmailAsync(string to, string subject, string body, CancellationToken cancellationToken = default(CancellationToken))'. [D:\github_repos\LinkDev.Talabat.Solution\LinkDev.Talabat.Services\LinkDev.Talabat.Application.csproj]
  LinkDev.Talabat.Application -> D:\github_repos\LinkDev.Talabat.Solution\LinkDev.Talabat.Services\bin\Debug\net8.0\LinkDev.Talabat.Application.dll
D:\github_repos\LinkDev.Talabat.Solution\LinkDev.Talabat.APIs\Errors\ApiExceptionResponse.cs(3,41): warning CS0618: 'ApiResponse' is obsolete: 'Use ApiSuccessResponse or ApiErrorResponse instead' [D:\github_repos\LinkDev.Talabat.Solution\LinkDev.Talabat.APIs\LinkDev.Talabat.APIs.csproj]
D:\github_repos\LinkDev.Talabat.Solution\LinkDev.Talabat.APIs\Errors\ApiValidationErrorResponse.cs(3,47): warning CS0618: 'ApiResponse' is obsolete: 'Use ApiSuccessResponse or ApiErrorResponse instead' [D:\github_repos\LinkDev.Talabat.Solution\LinkDev.Talabat.APIs\LinkDev.Talabat.APIs.csproj]
D:\github_repos\LinkDev.Talabat.Solution\LinkDev.Talabat.APIs\Errors\ApiValidationErrorResponse.cs(5,36): warning CS0108: 'ApiValidationErrorResponse.Errors' hides inherited member 'ApiResponse.Errors'. Use the new keyword if hiding was intended. [D:\github_repos\LinkDev.Talabat.Solution\LinkDev.Talabat.APIs\LinkDev.Talabat.APIs.csproj]
D:\github_repos\LinkDev.Talabat.Solution\LinkDev.Talabat.APIs\Controllers\ProductsController.cs(22,38): warning CS0618: 'ApiResponse' is obsolete: 'Use ApiSuccessResponse or ApiErrorResponse instead' [D:\github_repos\LinkDev.Talabat.Solution\LinkDev.Talabat.APIs\LinkDev.Talabat.APIs.csproj]
D:\github_repos\LinkDev.Talabat.Solution\LinkDev.Talabat.APIs\Controllers\OrdersController.cs(34,38): warning CS0618: 'ApiResponse' is obsolete: 'Use ApiSuccessResponse or ApiErrorResponse instead' [D:\github_repos\LinkDev.Talabat.Solution\LinkDev.Talabat.APIs\LinkDev.Talabat.APIs.csproj]
D:\github_repos\LinkDev.Talabat.Solution\LinkDev.Talabat.APIs\Controllers\PaymentController.cs(19,38): warning CS0618: 'ApiResponse' is obsolete: 'Use ApiSuccessResponse or ApiErrorResponse instead' [D:\github_repos\LinkDev.Talabat.Solution\LinkDev.Talabat.APIs\LinkDev.Talabat.APIs.csproj]
D:\github_repos\LinkDev.Talabat.Solution\LinkDev.Talabat.APIs\Controllers\OrdersController.cs(59,38): warning CS0618: 'ApiResponse' is obsolete: 'Use ApiSuccessResponse or ApiErrorResponse instead' [D:\github_repos\LinkDev.Talabat.Solution\LinkDev.Talabat.APIs\LinkDev.Talabat.APIs.csproj]
D:\github_repos\LinkDev.Talabat.Solution\LinkDev.Talabat.APIs\Controllers\ProductsController.cs(41,38): warning CS0618: 'ApiResponse' is obsolete: 'Use ApiSuccessResponse or ApiErrorResponse instead' [D:\github_repos\LinkDev.Talabat.Solution\LinkDev.Talabat.APIs\LinkDev.Talabat.APIs.csproj]
D:\github_repos\LinkDev.Talabat.Solution\LinkDev.Talabat.APIs\Controllers\ProductsController.cs(54,38): warning CS0618: 'ApiResponse' is obsolete: 'Use ApiSuccessResponse or ApiErrorResponse instead' [D:\github_repos\LinkDev.Talabat.Solution\LinkDev.Talabat.APIs\LinkDev.Talabat.APIs.csproj]
D:\github_repos\LinkDev.Talabat.Solution\LinkDev.Talabat.APIs\Controllers\ProductsController.cs(89,38): warning CS0618: 'ApiResponse' is obsolete: 'Use ApiSuccessResponse or ApiErrorResponse instead' [D:\github_repos\LinkDev.Talabat.Solution\LinkDev.Talabat.APIs\LinkDev.Talabat.APIs.csproj]
D:\github_repos\LinkDev.Talabat.Solution\LinkDev.Talabat.APIs\Controllers\ProductsController.cs(109,38): warning CS0618: 'ApiResponse' is obsolete: 'Use ApiSuccessResponse or ApiErrorResponse instead' [D:\github_repos\LinkDev.Talabat.Solution\LinkDev.Talabat.APIs\LinkDev.Talabat.APIs.csproj]
D:\github_repos\LinkDev.Talabat.Solution\LinkDev.Talabat.APIs\Controllers\AccountController.cs(17,23): warning CS9113: Parameter 'emailService' is unread. [D:\github_repos\LinkDev.Talabat.Solution\LinkDev.Talabat.APIs\LinkDev.Talabat.APIs.csproj]
D:\github_repos\LinkDev.Talabat.Solution\LinkDev.Talabat.APIs\Controllers\BuggyController.cs(23,35): warning CS8602: Dereference of a possibly null reference. [D:\github_repos\LinkDev.Talabat.Solution\LinkDev.Talabat.APIs\LinkDev.Talabat.APIs.csproj]
D:\github_repos\LinkDev.Talabat.Solution\LinkDev.Talabat.APIs\DTOs\ApplicationRoleUpdateDto.cs(5,23): warning CS8618: Non-nullable property 'OldName' must contain a non-null value when exiting constructor. Consider adding the 'required' modifier or declaring the property as nullable. [D:\github_repos\LinkDev.Talabat.Solution\LinkDev.Talabat.APIs\LinkDev.Talabat.APIs.csproj]
D:\github_repos\LinkDev.Talabat.Solution\LinkDev.Talabat.APIs\DTOs\ApplicationRoleUpdateDto.cs(6,23): warning CS8618: Non-nullable property 'NewName' must contain a non-null value when exiting constructor. Consider adding the 'required' modifier or declaring the property as nullable. [D:\github_repos\LinkDev.Talabat.Solution\LinkDev.Talabat.APIs\LinkDev.Talabat.APIs.csproj]
D:\github_repos\LinkDev.Talabat.Solution\LinkDev.Talabat.APIs\DTOs\ApplicationRoleUpdateDto.cs(7,23): warning CS8618: Non-nullable property 'NewDescription' must contain a non-null value when exiting constructor. Consider adding the 'required' modifier or declaring the property as nullable. [D:\github_repos\LinkDev.Talabat.Solution\LinkDev.Talabat.APIs\LinkDev.Talabat.APIs.csproj]
D:\github_repos\LinkDev.Talabat.Solution\LinkDev.Talabat.APIs\Controllers\ProductsController.cs(30,33): warning CS8602: Dereference of a possibly null reference. [D:\github_repos\LinkDev.Talabat.Solution\LinkDev.Talabat.APIs\LinkDev.Talabat.APIs.csproj]
D:\github_repos\LinkDev.Talabat.Solution\LinkDev.Talabat.APIs\DTOs\OrderDto.cs(9,23): warning CS8618: Non-nullable property 'BasketId' must contain a non-null value when exiting constructor. Consider adding the 'required' modifier or declaring the property as nullable. [D:\github_repos\LinkDev.Talabat.Solution\LinkDev.Talabat.APIs\LinkDev.Talabat.APIs.csproj]
D:\github_repos\LinkDev.Talabat.Solution\LinkDev.Talabat.APIs\DTOs\OrderDto.cs(16,27): warning CS8618: Non-nullable property 'ShippingAddress' must contain a non-null value when exiting constructor. Consider adding the 'required' modifier or declaring the property as nullable. [D:\github_repos\LinkDev.Talabat.Solution\LinkDev.Talabat.APIs\LinkDev.Talabat.APIs.csproj]
D:\github_repos\LinkDev.Talabat.Solution\LinkDev.Talabat.APIs\DTOs\OrderItemDto.cs(9,23): warning CS8618: Non-nullable property 'ProductName' must contain a non-null value when exiting constructor. Consider adding the 'required' modifier or declaring the property as nullable. [D:\github_repos\LinkDev.Talabat.Solution\LinkDev.Talabat.APIs\LinkDev.Talabat.APIs.csproj]
D:\github_repos\LinkDev.Talabat.Solution\LinkDev.Talabat.APIs\DTOs\OrderItemDto.cs(10,23): warning CS8618: Non-nullable property 'PictureUrl' must contain a non-null value when exiting constructor. Consider adding the 'required' modifier or declaring the property as nullable. [D:\github_repos\LinkDev.Talabat.Solution\LinkDev.Talabat.APIs\LinkDev.Talabat.APIs.csproj]
D:\github_repos\LinkDev.Talabat.Solution\LinkDev.Talabat.APIs\DTOs\OrderToReturnDto.cs(10,23): warning CS8618: Non-nullable property 'Status' must contain a non-null value when exiting constructor. Consider adding the 'required' modifier or declaring the property as nullable. [D:\github_repos\LinkDev.Talabat.Solution\LinkDev.Talabat.APIs\LinkDev.Talabat.APIs.csproj]
D:\github_repos\LinkDev.Talabat.Solution\LinkDev.Talabat.APIs\DTOs\OrderToReturnDto.cs(11,24): warning CS8618: Non-nullable property 'ShippingAddress' must contain a non-null value when exiting constructor. Consider adding the 'required' modifier or declaring the property as nullable. [D:\github_repos\LinkDev.Talabat.Solution\LinkDev.Talabat.APIs\LinkDev.Talabat.APIs.csproj]
D:\github_repos\LinkDev.Talabat.Solution\LinkDev.Talabat.APIs\DTOs\OrderToReturnDto.cs(12,23): warning CS8618: Non-nullable property 'DeliveryMethod' must contain a non-null value when exiting constructor. Consider adding the 'required' modifier or declaring the property as nullable. [D:\github_repos\LinkDev.Talabat.Solution\LinkDev.Talabat.APIs\LinkDev.Talabat.APIs.csproj]
D:\github_repos\LinkDev.Talabat.Solution\LinkDev.Talabat.APIs\DTOs\OrderToReturnDto.cs(14,42): warning CS8618: Non-nullable property 'Items' must contain a non-null value when exiting constructor. Consider adding the 'required' modifier or declaring the property as nullable. [D:\github_repos\LinkDev.Talabat.Solution\LinkDev.Talabat.APIs\LinkDev.Talabat.APIs.csproj]
D:\github_repos\LinkDev.Talabat.Solution\LinkDev.Talabat.APIs\DTOs\OrderToReturnDto.cs(17,23): warning CS8618: Non-nullable property 'PaymentIntentId' must contain a non-null value when exiting constructor. Consider adding the 'required' modifier or declaring the property as nullable. [D:\github_repos\LinkDev.Talabat.Solution\LinkDev.Talabat.APIs\LinkDev.Talabat.APIs.csproj]
D:\github_repos\LinkDev.Talabat.Solution\LinkDev.Talabat.APIs\Controllers\UserController.cs(24,61): warning CS8604: Possible null reference argument for parameter 'user' in 'Task<IList<string>> UserManager<ApplicationUser>.GetRolesAsync(ApplicationUser user)'. [D:\github_repos\LinkDev.Talabat.Solution\LinkDev.Talabat.APIs\LinkDev.Talabat.APIs.csproj]
D:\github_repos\LinkDev.Talabat.Solution\LinkDev.Talabat.APIs\Extensions\UserManagerExtensions.cs(13,118): warning CS8602: Dereference of a possibly null reference. [D:\github_repos\LinkDev.Talabat.Solution\LinkDev.Talabat.APIs\LinkDev.Talabat.APIs.csproj]
D:\github_repos\LinkDev.Talabat.Solution\LinkDev.Talabat.APIs\Controllers\OrdersController.cs(43,60): warning CS8604: Possible null reference argument for parameter 'source' in 'OrderToReturnDto IMapperBase.Map<Order, OrderToReturnDto>(Order source)'. [D:\github_repos\LinkDev.Talabat.Solution\LinkDev.Talabat.APIs\LinkDev.Talabat.APIs.csproj]
D:\github_repos\LinkDev.Talabat.Solution\LinkDev.Talabat.APIs\Controllers\AccountController.cs(38,37): warning CS8602: Dereference of a possibly null reference. [D:\github_repos\LinkDev.Talabat.Solution\LinkDev.Talabat.APIs\LinkDev.Talabat.APIs.csproj]
D:\github_repos\LinkDev.Talabat.Solution\LinkDev.Talabat.APIs\Controllers\OrdersController.cs(54,90): warning CS8604: Possible null reference argument for parameter 'source' in 'IReadOnlyList<OrderToReturnDto> IMapperBase.Map<IReadOnlyList<Order>, IReadOnlyList<OrderToReturnDto>>(IReadOnlyList<Order> source)'. [D:\github_repos\LinkDev.Talabat.Solution\LinkDev.Talabat.APIs\LinkDev.Talabat.APIs.csproj]
D:\github_repos\LinkDev.Talabat.Solution\LinkDev.Talabat.APIs\Controllers\RolesController.cs(57,49): warning CS8604: Possible null reference argument for parameter 'roleName' in 'CreateRoleCommand.CreateRoleCommand(string roleName, string description, IList<string> actorRoles)'. [D:\github_repos\LinkDev.Talabat.Solution\LinkDev.Talabat.APIs\LinkDev.Talabat.APIs.csproj]
D:\github_repos\LinkDev.Talabat.Solution\LinkDev.Talabat.APIs\Controllers\RolesController.cs(57,80): warning CS8604: Possible null reference argument for parameter 'description' in 'CreateRoleCommand.CreateRoleCommand(string roleName, string description, IList<string> actorRoles)'. [D:\github_repos\LinkDev.Talabat.Solution\LinkDev.Talabat.APIs\LinkDev.Talabat.APIs.csproj]
D:\github_repos\LinkDev.Talabat.Solution\LinkDev.Talabat.APIs\Controllers\OrdersController.cs(66,60): warning CS8604: Possible null reference argument for parameter 'source' in 'OrderToReturnDto IMapperBase.Map<Order, OrderToReturnDto>(Order source)'. [D:\github_repos\LinkDev.Talabat.Solution\LinkDev.Talabat.APIs\LinkDev.Talabat.APIs.csproj]
D:\github_repos\LinkDev.Talabat.Solution\LinkDev.Talabat.APIs\Controllers\AccountController.cs(55,60): warning CS8604: Possible null reference argument for parameter 'applicationUser' in 'Task<OperationResult<string>> IAuthService.CreateTokenAsync(ApplicationUser applicationUser)'. [D:\github_repos\LinkDev.Talabat.Solution\LinkDev.Talabat.APIs\LinkDev.Talabat.APIs.csproj]
D:\github_repos\LinkDev.Talabat.Solution\LinkDev.Talabat.APIs\Controllers\UserController.cs(40,28): warning CS8604: Possible null reference argument for parameter 'source' in 'ApplicationUser Enumerable.First<ApplicationUser>(IEnumerable<ApplicationUser> source, Func<ApplicationUser, bool> predicate)'. [D:\github_repos\LinkDev.Talabat.Solution\LinkDev.Talabat.APIs\LinkDev.Talabat.APIs.csproj]
D:\github_repos\LinkDev.Talabat.Solution\LinkDev.Talabat.APIs\Controllers\ProductsController.cs(102,116): warning CS8602: Dereference of a possibly null reference. [D:\github_repos\LinkDev.Talabat.Solution\LinkDev.Talabat.APIs\LinkDev.Talabat.APIs.csproj]
D:\github_repos\LinkDev.Talabat.Solution\LinkDev.Talabat.APIs\Controllers\ProductsController.cs(102,139): warning CS8604: Possible null reference argument for parameter 'currentUserRoles' in 'UpdateProductCommand.UpdateProductCommand(int id, Product product, byte[]? fileBytes, string? fileName, string currentUserId, IList<string> currentUserRoles)'. [D:\github_repos\LinkDev.Talabat.Solution\LinkDev.Talabat.APIs\LinkDev.Talabat.APIs.csproj]
D:\github_repos\LinkDev.Talabat.Solution\LinkDev.Talabat.APIs\Extensions\ApplicationServicesExtensions.cs(29,42): warning CS8603: Possible null reference return. [D:\github_repos\LinkDev.Talabat.Solution\LinkDev.Talabat.APIs\LinkDev.Talabat.APIs.csproj]
D:\github_repos\LinkDev.Talabat.Solution\LinkDev.Talabat.APIs\Controllers\AccountController.cs(81,31): warning CS8602: Dereference of a possibly null reference. [D:\github_repos\LinkDev.Talabat.Solution\LinkDev.Talabat.APIs\LinkDev.Talabat.APIs.csproj]
D:\github_repos\LinkDev.Talabat.Solution\LinkDev.Talabat.APIs\Controllers\ProductsController.cs(119,56): warning CS8602: Dereference of a possibly null reference. [D:\github_repos\LinkDev.Talabat.Solution\LinkDev.Talabat.APIs\LinkDev.Talabat.APIs.csproj]
D:\github_repos\LinkDev.Talabat.Solution\LinkDev.Talabat.APIs\Controllers\ProductsController.cs(119,79): warning CS8604: Possible null reference argument for parameter 'currentUserRoles' in 'DeleteProductCommand.DeleteProductCommand(int id, string currentUserId, IList<string> currentUserRoles)'. [D:\github_repos\LinkDev.Talabat.Solution\LinkDev.Talabat.APIs\LinkDev.Talabat.APIs.csproj]
D:\github_repos\LinkDev.Talabat.Solution\LinkDev.Talabat.APIs\Helpers\MappingProfiles.cs(17,77): warning CS8602: Dereference of a possibly null reference. [D:\github_repos\LinkDev.Talabat.Solution\LinkDev.Talabat.APIs\LinkDev.Talabat.APIs.csproj]
D:\github_repos\LinkDev.Talabat.Solution\LinkDev.Talabat.APIs\Helpers\MappingProfiles.cs(18,74): warning CS8602: Dereference of a possibly null reference. [D:\github_repos\LinkDev.Talabat.Solution\LinkDev.Talabat.APIs\LinkDev.Talabat.APIs.csproj]
D:\github_repos\LinkDev.Talabat.Solution\LinkDev.Talabat.APIs\Helpers\MappingProfiles.cs(31,71): warning CS8602: Dereference of a possibly null reference. [D:\github_repos\LinkDev.Talabat.Solution\LinkDev.Talabat.APIs\LinkDev.Talabat.APIs.csproj]
D:\github_repos\LinkDev.Talabat.Solution\LinkDev.Talabat.APIs\Helpers\MappingProfiles.cs(32,75): warning CS8602: Dereference of a possibly null reference. [D:\github_repos\LinkDev.Talabat.Solution\LinkDev.Talabat.APIs\LinkDev.Talabat.APIs.csproj]
D:\github_repos\LinkDev.Talabat.Solution\LinkDev.Talabat.APIs\Controllers\AccountController.cs(133,31): warning CS8602: Dereference of a possibly null reference. [D:\github_repos\LinkDev.Talabat.Solution\LinkDev.Talabat.APIs\LinkDev.Talabat.APIs.csproj]
D:\github_repos\LinkDev.Talabat.Solution\LinkDev.Talabat.APIs\Extensions\ApplicationServicesExtensions.cs(96,54): warning CS8604: Possible null reference argument for parameter 'configuration' in 'ConnectionMultiplexer ConnectionMultiplexer.Connect(string configuration, TextWriter? log = null)'. [D:\github_repos\LinkDev.Talabat.Solution\LinkDev.Talabat.APIs\LinkDev.Talabat.APIs.csproj]
D:\github_repos\LinkDev.Talabat.Solution\LinkDev.Talabat.APIs\Controllers\AccountController.cs(147,60): warning CS8604: Possible null reference argument for parameter 'applicationUser' in 'Task<OperationResult<string>> IAuthService.CreateTokenAsync(ApplicationUser applicationUser)'. [D:\github_repos\LinkDev.Talabat.Solution\LinkDev.Talabat.APIs\LinkDev.Talabat.APIs.csproj]
  LinkDev.Talabat.APIs -> D:\github_repos\LinkDev.Talabat.Solution\LinkDev.Talabat.APIs\bin\Debug\net8.0\LinkDev.Talabat.APIs.dll

Build succeeded.

D:\github_repos\LinkDev.Talabat.Solution\LinkDev.Talabat.Services\AuthService.cs(89,17): warning CS8602: Dereference of a possibly null reference. [D:\github_repos\LinkDev.Talabat.Solution\LinkDev.Talabat.Services\LinkDev.Talabat.Application.csproj]
D:\github_repos\LinkDev.Talabat.Solution\LinkDev.Talabat.Services\AuthService.cs(97,61): warning CS8604: Possible null reference argument for parameter 'user' in 'Task<IList<string>> UserManager<ApplicationUser>.GetRolesAsync(ApplicationUser user)'. [D:\github_repos\LinkDev.Talabat.Solution\LinkDev.Talabat.Services\LinkDev.Talabat.Application.csproj]
D:\github_repos\LinkDev.Talabat.Solution\LinkDev.Talabat.Services\PaymentService.cs(50,38): warning CS8604: Possible null reference argument for parameter 'source' in 'decimal Enumerable.Sum<BasketItem>(IEnumerable<BasketItem> source, Func<BasketItem, decimal> selector)'. [D:\github_repos\LinkDev.Talabat.Solution\LinkDev.Talabat.Services\LinkDev.Talabat.Application.csproj]
D:\github_repos\LinkDev.Talabat.Solution\LinkDev.Talabat.Services\PaymentService.cs(62,38): warning CS8604: Possible null reference argument for parameter 'source' in 'decimal Enumerable.Sum<BasketItem>(IEnumerable<BasketItem> source, Func<BasketItem, decimal> selector)'. [D:\github_repos\LinkDev.Talabat.Solution\LinkDev.Talabat.Services\LinkDev.Talabat.Application.csproj]
D:\github_repos\LinkDev.Talabat.Solution\LinkDev.Talabat.Services\AuthService.cs(128,51): warning CS8604: Possible null reference argument for parameter 'to' in 'Task IEmailService.SendEmailAsync(string to, string subject, string body, CancellationToken cancellationToken = default(CancellationToken))'. [D:\github_repos\LinkDev.Talabat.Solution\LinkDev.Talabat.Services\LinkDev.Talabat.Application.csproj]
D:\github_repos\LinkDev.Talabat.Solution\LinkDev.Talabat.Services\AuthService.cs(138,47): warning CS8604: Possible null reference argument for parameter 'to' in 'Task IEmailService.SendEmailAsync(string to, string subject, string body, CancellationToken cancellationToken = default(CancellationToken))'. [D:\github_repos\LinkDev.Talabat.Solution\LinkDev.Talabat.Services\LinkDev.Talabat.Application.csproj]
D:\github_repos\LinkDev.Talabat.Solution\LinkDev.Talabat.Services\RoleService.cs(147,67): warning CS8620: Argument of type 'List<string?>' cannot be used for parameter 'data' of type 'IReadOnlyList<string>' in 'OperationResult<IReadOnlyList<string>> OperationResult<IReadOnlyList<string>>.Success(IReadOnlyList<string> data)' due to differences in the nullability of reference types. [D:\github_repos\LinkDev.Talabat.Solution\LinkDev.Talabat.Services\LinkDev.Talabat.Application.csproj]
D:\github_repos\LinkDev.Talabat.Solution\LinkDev.Talabat.Services\AuthService.cs(332,47): warning CS8604: Possible null reference argument for parameter 'to' in 'Task IEmailService.SendEmailAsync(string to, string subject, string body, CancellationToken cancellationToken = default(CancellationToken))'. [D:\github_repos\LinkDev.Talabat.Solution\LinkDev.Talabat.Services\LinkDev.Talabat.Application.csproj]
D:\github_repos\LinkDev.Talabat.Solution\LinkDev.Talabat.Services\AuthService.cs(356,13): warning CS8602: Dereference of a possibly null reference. [D:\github_repos\LinkDev.Talabat.Solution\LinkDev.Talabat.Services\LinkDev.Talabat.Application.csproj]
D:\github_repos\LinkDev.Talabat.Solution\LinkDev.Talabat.Services\AuthService.cs(389,47): warning CS8604: Possible null reference argument for parameter 'to' in 'Task IEmailService.SendEmailAsync(string to, string subject, string body, CancellationToken cancellationToken = default(CancellationToken))'. [D:\github_repos\LinkDev.Talabat.Solution\LinkDev.Talabat.Services\LinkDev.Talabat.Application.csproj]
D:\github_repos\LinkDev.Talabat.Solution\LinkDev.Talabat.APIs\Errors\ApiExceptionResponse.cs(3,41): warning CS0618: 'ApiResponse' is obsolete: 'Use ApiSuccessResponse or ApiErrorResponse instead' [D:\github_repos\LinkDev.Talabat.Solution\LinkDev.Talabat.APIs\LinkDev.Talabat.APIs.csproj]
D:\github_repos\LinkDev.Talabat.Solution\LinkDev.Talabat.APIs\Errors\ApiValidationErrorResponse.cs(3,47): warning CS0618: 'ApiResponse' is obsolete: 'Use ApiSuccessResponse or ApiErrorResponse instead' [D:\github_repos\LinkDev.Talabat.Solution\LinkDev.Talabat.APIs\LinkDev.Talabat.APIs.csproj]
D:\github_repos\LinkDev.Talabat.Solution\LinkDev.Talabat.APIs\Errors\ApiValidationErrorResponse.cs(5,36): warning CS0108: 'ApiValidationErrorResponse.Errors' hides inherited member 'ApiResponse.Errors'. Use the new keyword if hiding was intended. [D:\github_repos\LinkDev.Talabat.Solution\LinkDev.Talabat.APIs\LinkDev.Talabat.APIs.csproj]
D:\github_repos\LinkDev.Talabat.Solution\LinkDev.Talabat.APIs\Controllers\ProductsController.cs(22,38): warning CS0618: 'ApiResponse' is obsolete: 'Use ApiSuccessResponse or ApiErrorResponse instead' [D:\github_repos\LinkDev.Talabat.Solution\LinkDev.Talabat.APIs\LinkDev.Talabat.APIs.csproj]
D:\github_repos\LinkDev.Talabat.Solution\LinkDev.Talabat.APIs\Controllers\OrdersController.cs(34,38): warning CS0618: 'ApiResponse' is obsolete: 'Use ApiSuccessResponse or ApiErrorResponse instead' [D:\github_repos\LinkDev.Talabat.Solution\LinkDev.Talabat.APIs\LinkDev.Talabat.APIs.csproj]
D:\github_repos\LinkDev.Talabat.Solution\LinkDev.Talabat.APIs\Controllers\PaymentController.cs(19,38): warning CS0618: 'ApiResponse' is obsolete: 'Use ApiSuccessResponse or ApiErrorResponse instead' [D:\github_repos\LinkDev.Talabat.Solution\LinkDev.Talabat.APIs\LinkDev.Talabat.APIs.csproj]
D:\github_repos\LinkDev.Talabat.Solution\LinkDev.Talabat.APIs\Controllers\OrdersController.cs(59,38): warning CS0618: 'ApiResponse' is obsolete: 'Use ApiSuccessResponse or ApiErrorResponse instead' [D:\github_repos\LinkDev.Talabat.Solution\LinkDev.Talabat.APIs\LinkDev.Talabat.APIs.csproj]
D:\github_repos\LinkDev.Talabat.Solution\LinkDev.Talabat.APIs\Controllers\ProductsController.cs(41,38): warning CS0618: 'ApiResponse' is obsolete: 'Use ApiSuccessResponse or ApiErrorResponse instead' [D:\github_repos\LinkDev.Talabat.Solution\LinkDev.Talabat.APIs\LinkDev.Talabat.APIs.csproj]
D:\github_repos\LinkDev.Talabat.Solution\LinkDev.Talabat.APIs\Controllers\ProductsController.cs(54,38): warning CS0618: 'ApiResponse' is obsolete: 'Use ApiSuccessResponse or ApiErrorResponse instead' [D:\github_repos\LinkDev.Talabat.Solution\LinkDev.Talabat.APIs\LinkDev.Talabat.APIs.csproj]
D:\github_repos\LinkDev.Talabat.Solution\LinkDev.Talabat.APIs\Controllers\ProductsController.cs(89,38): warning CS0618: 'ApiResponse' is obsolete: 'Use ApiSuccessResponse or ApiErrorResponse instead' [D:\github_repos\LinkDev.Talabat.Solution\LinkDev.Talabat.APIs\LinkDev.Talabat.APIs.csproj]
D:\github_repos\LinkDev.Talabat.Solution\LinkDev.Talabat.APIs\Controllers\ProductsController.cs(109,38): warning CS0618: 'ApiResponse' is obsolete: 'Use ApiSuccessResponse or ApiErrorResponse instead' [D:\github_repos\LinkDev.Talabat.Solution\LinkDev.Talabat.APIs\LinkDev.Talabat.APIs.csproj]
D:\github_repos\LinkDev.Talabat.Solution\LinkDev.Talabat.APIs\Controllers\AccountController.cs(17,23): warning CS9113: Parameter 'emailService' is unread. [D:\github_repos\LinkDev.Talabat.Solution\LinkDev.Talabat.APIs\LinkDev.Talabat.APIs.csproj]
D:\github_repos\LinkDev.Talabat.Solution\LinkDev.Talabat.APIs\Controllers\BuggyController.cs(23,35): warning CS8602: Dereference of a possibly null reference. [D:\github_repos\LinkDev.Talabat.Solution\LinkDev.Talabat.APIs\LinkDev.Talabat.APIs.csproj]
D:\github_repos\LinkDev.Talabat.Solution\LinkDev.Talabat.APIs\DTOs\ApplicationRoleUpdateDto.cs(5,23): warning CS8618: Non-nullable property 'OldName' must contain a non-null value when exiting constructor. Consider adding the 'required' modifier or declaring the property as nullable. [D:\github_repos\LinkDev.Talabat.Solution\LinkDev.Talabat.APIs\LinkDev.Talabat.APIs.csproj]
D:\github_repos\LinkDev.Talabat.Solution\LinkDev.Talabat.APIs\DTOs\ApplicationRoleUpdateDto.cs(6,23): warning CS8618: Non-nullable property 'NewName' must contain a non-null value when exiting constructor. Consider adding the 'required' modifier or declaring the property as nullable. [D:\github_repos\LinkDev.Talabat.Solution\LinkDev.Talabat.APIs\LinkDev.Talabat.APIs.csproj]
D:\github_repos\LinkDev.Talabat.Solution\LinkDev.Talabat.APIs\DTOs\ApplicationRoleUpdateDto.cs(7,23): warning CS8618: Non-nullable property 'NewDescription' must contain a non-null value when exiting constructor. Consider adding the 'required' modifier or declaring the property as nullable. [D:\github_repos\LinkDev.Talabat.Solution\LinkDev.Talabat.APIs\LinkDev.Talabat.APIs.csproj]
D:\github_repos\LinkDev.Talabat.Solution\LinkDev.Talabat.APIs\Controllers\ProductsController.cs(30,33): warning CS8602: Dereference of a possibly null reference. [D:\github_repos\LinkDev.Talabat.Solution\LinkDev.Talabat.APIs\LinkDev.Talabat.APIs.csproj]
D:\github_repos\LinkDev.Talabat.Solution\LinkDev.Talabat.APIs\DTOs\OrderDto.cs(9,23): warning CS8618: Non-nullable property 'BasketId' must contain a non-null value when exiting constructor. Consider adding the 'required' modifier or declaring the property as nullable. [D:\github_repos\LinkDev.Talabat.Solution\LinkDev.Talabat.APIs\LinkDev.Talabat.APIs.csproj]
D:\github_repos\LinkDev.Talabat.Solution\LinkDev.Talabat.APIs\DTOs\OrderDto.cs(16,27): warning CS8618: Non-nullable property 'ShippingAddress' must contain a non-null value when exiting constructor. Consider adding the 'required' modifier or declaring the property as nullable. [D:\github_repos\LinkDev.Talabat.Solution\LinkDev.Talabat.APIs\LinkDev.Talabat.APIs.csproj]
D:\github_repos\LinkDev.Talabat.Solution\LinkDev.Talabat.APIs\DTOs\OrderItemDto.cs(9,23): warning CS8618: Non-nullable property 'ProductName' must contain a non-null value when exiting constructor. Consider adding the 'required' modifier or declaring the property as nullable. [D:\github_repos\LinkDev.Talabat.Solution\LinkDev.Talabat.APIs\LinkDev.Talabat.APIs.csproj]
D:\github_repos\LinkDev.Talabat.Solution\LinkDev.Talabat.APIs\DTOs\OrderItemDto.cs(10,23): warning CS8618: Non-nullable property 'PictureUrl' must contain a non-null value when exiting constructor. Consider adding the 'required' modifier or declaring the property as nullable. [D:\github_repos\LinkDev.Talabat.Solution\LinkDev.Talabat.APIs\LinkDev.Talabat.APIs.csproj]
D:\github_repos\LinkDev.Talabat.Solution\LinkDev.Talabat.APIs\DTOs\OrderToReturnDto.cs(10,23): warning CS8618: Non-nullable property 'Status' must contain a non-null value when exiting constructor. Consider adding the 'required' modifier or declaring the property as nullable. [D:\github_repos\LinkDev.Talabat.Solution\LinkDev.Talabat.APIs\LinkDev.Talabat.APIs.csproj]
D:\github_repos\LinkDev.Talabat.Solution\LinkDev.Talabat.APIs\DTOs\OrderToReturnDto.cs(11,24): warning CS8618: Non-nullable property 'ShippingAddress' must contain a non-null value when exiting constructor. Consider adding the 'required' modifier or declaring the property as nullable. [D:\github_repos\LinkDev.Talabat.Solution\LinkDev.Talabat.APIs\LinkDev.Talabat.APIs.csproj]
D:\github_repos\LinkDev.Talabat.Solution\LinkDev.Talabat.APIs\DTOs\OrderToReturnDto.cs(12,23): warning CS8618: Non-nullable property 'DeliveryMethod' must contain a non-null value when exiting constructor. Consider adding the 'required' modifier or declaring the property as nullable. [D:\github_repos\LinkDev.Talabat.Solution\LinkDev.Talabat.APIs\LinkDev.Talabat.APIs.csproj]
D:\github_repos\LinkDev.Talabat.Solution\LinkDev.Talabat.APIs\DTOs\OrderToReturnDto.cs(14,42): warning CS8618: Non-nullable property 'Items' must contain a non-null value when exiting constructor. Consider adding the 'required' modifier or declaring the property as nullable. [D:\github_repos\LinkDev.Talabat.Solution\LinkDev.Talabat.APIs\LinkDev.Talabat.APIs.csproj]
D:\github_repos\LinkDev.Talabat.Solution\LinkDev.Talabat.APIs\DTOs\OrderToReturnDto.cs(17,23): warning CS8618: Non-nullable property 'PaymentIntentId' must contain a non-null value when exiting constructor. Consider adding the 'required' modifier or declaring the property as nullable. [D:\github_repos\LinkDev.Talabat.Solution\LinkDev.Talabat.APIs\LinkDev.Talabat.APIs.csproj]
D:\github_repos\LinkDev.Talabat.Solution\LinkDev.Talabat.APIs\Controllers\UserController.cs(24,61): warning CS8604: Possible null reference argument for parameter 'user' in 'Task<IList<string>> UserManager<ApplicationUser>.GetRolesAsync(ApplicationUser user)'. [D:\github_repos\LinkDev.Talabat.Solution\LinkDev.Talabat.APIs\LinkDev.Talabat.APIs.csproj]
D:\github_repos\LinkDev.Talabat.Solution\LinkDev.Talabat.APIs\Extensions\UserManagerExtensions.cs(13,118): warning CS8602: Dereference of a possibly null reference. [D:\github_repos\LinkDev.Talabat.Solution\LinkDev.Talabat.APIs\LinkDev.Talabat.APIs.csproj]
D:\github_repos\LinkDev.Talabat.Solution\LinkDev.Talabat.APIs\Controllers\OrdersController.cs(43,60): warning CS8604: Possible null reference argument for parameter 'source' in 'OrderToReturnDto IMapperBase.Map<Order, OrderToReturnDto>(Order source)'. [D:\github_repos\LinkDev.Talabat.Solution\LinkDev.Talabat.APIs\LinkDev.Talabat.APIs.csproj]
D:\github_repos\LinkDev.Talabat.Solution\LinkDev.Talabat.APIs\Controllers\AccountController.cs(38,37): warning CS8602: Dereference of a possibly null reference. [D:\github_repos\LinkDev.Talabat.Solution\LinkDev.Talabat.APIs\LinkDev.Talabat.APIs.csproj]
D:\github_repos\LinkDev.Talabat.Solution\LinkDev.Talabat.APIs\Controllers\OrdersController.cs(54,90): warning CS8604: Possible null reference argument for parameter 'source' in 'IReadOnlyList<OrderToReturnDto> IMapperBase.Map<IReadOnlyList<Order>, IReadOnlyList<OrderToReturnDto>>(IReadOnlyList<Order> source)'. [D:\github_repos\LinkDev.Talabat.Solution\LinkDev.Talabat.APIs\LinkDev.Talabat.APIs.csproj]
D:\github_repos\LinkDev.Talabat.Solution\LinkDev.Talabat.APIs\Controllers\RolesController.cs(57,49): warning CS8604: Possible null reference argument for parameter 'roleName' in 'CreateRoleCommand.CreateRoleCommand(string roleName, string description, IList<string> actorRoles)'. [D:\github_repos\LinkDev.Talabat.Solution\LinkDev.Talabat.APIs\LinkDev.Talabat.APIs.csproj]
D:\github_repos\LinkDev.Talabat.Solution\LinkDev.Talabat.APIs\Controllers\RolesController.cs(57,80): warning CS8604: Possible null reference argument for parameter 'description' in 'CreateRoleCommand.CreateRoleCommand(string roleName, string description, IList<string> actorRoles)'. [D:\github_repos\LinkDev.Talabat.Solution\LinkDev.Talabat.APIs\LinkDev.Talabat.APIs.csproj]
D:\github_repos\LinkDev.Talabat.Solution\LinkDev.Talabat.APIs\Controllers\OrdersController.cs(66,60): warning CS8604: Possible null reference argument for parameter 'source' in 'OrderToReturnDto IMapperBase.Map<Order, OrderToReturnDto>(Order source)'. [D:\github_repos\LinkDev.Talabat.Solution\LinkDev.Talabat.APIs\LinkDev.Talabat.APIs.csproj]
D:\github_repos\LinkDev.Talabat.Solution\LinkDev.Talabat.APIs\Controllers\AccountController.cs(55,60): warning CS8604: Possible null reference argument for parameter 'applicationUser' in 'Task<OperationResult<string>> IAuthService.CreateTokenAsync(ApplicationUser applicationUser)'. [D:\github_repos\LinkDev.Talabat.Solution\LinkDev.Talabat.APIs\LinkDev.Talabat.APIs.csproj]
D:\github_repos\LinkDev.Talabat.Solution\LinkDev.Talabat.APIs\Controllers\UserController.cs(40,28): warning CS8604: Possible null reference argument for parameter 'source' in 'ApplicationUser Enumerable.First<ApplicationUser>(IEnumerable<ApplicationUser> source, Func<ApplicationUser, bool> predicate)'. [D:\github_repos\LinkDev.Talabat.Solution\LinkDev.Talabat.APIs\LinkDev.Talabat.APIs.csproj]
D:\github_repos\LinkDev.Talabat.Solution\LinkDev.Talabat.APIs\Controllers\ProductsController.cs(102,116): warning CS8602: Dereference of a possibly null reference. [D:\github_repos\LinkDev.Talabat.Solution\LinkDev.Talabat.APIs\LinkDev.Talabat.APIs.csproj]
D:\github_repos\LinkDev.Talabat.Solution\LinkDev.Talabat.APIs\Controllers\ProductsController.cs(102,139): warning CS8604: Possible null reference argument for parameter 'currentUserRoles' in 'UpdateProductCommand.UpdateProductCommand(int id, Product product, byte[]? fileBytes, string? fileName, string currentUserId, IList<string> currentUserRoles)'. [D:\github_repos\LinkDev.Talabat.Solution\LinkDev.Talabat.APIs\LinkDev.Talabat.APIs.csproj]
D:\github_repos\LinkDev.Talabat.Solution\LinkDev.Talabat.APIs\Extensions\ApplicationServicesExtensions.cs(29,42): warning CS8603: Possible null reference return. [D:\github_repos\LinkDev.Talabat.Solution\LinkDev.Talabat.APIs\LinkDev.Talabat.APIs.csproj]
D:\github_repos\LinkDev.Talabat.Solution\LinkDev.Talabat.APIs\Controllers\AccountController.cs(81,31): warning CS8602: Dereference of a possibly null reference. [D:\github_repos\LinkDev.Talabat.Solution\LinkDev.Talabat.APIs\LinkDev.Talabat.APIs.csproj]
D:\github_repos\LinkDev.Talabat.Solution\LinkDev.Talabat.APIs\Controllers\ProductsController.cs(119,56): warning CS8602: Dereference of a possibly null reference. [D:\github_repos\LinkDev.Talabat.Solution\LinkDev.Talabat.APIs\LinkDev.Talabat.APIs.csproj]
D:\github_repos\LinkDev.Talabat.Solution\LinkDev.Talabat.APIs\Controllers\ProductsController.cs(119,79): warning CS8604: Possible null reference argument for parameter 'currentUserRoles' in 'DeleteProductCommand.DeleteProductCommand(int id, string currentUserId, IList<string> currentUserRoles)'. [D:\github_repos\LinkDev.Talabat.Solution\LinkDev.Talabat.APIs\LinkDev.Talabat.APIs.csproj]
D:\github_repos\LinkDev.Talabat.Solution\LinkDev.Talabat.APIs\Helpers\MappingProfiles.cs(17,77): warning CS8602: Dereference of a possibly null reference. [D:\github_repos\LinkDev.Talabat.Solution\LinkDev.Talabat.APIs\LinkDev.Talabat.APIs.csproj]
D:\github_repos\LinkDev.Talabat.Solution\LinkDev.Talabat.APIs\Helpers\MappingProfiles.cs(18,74): warning CS8602: Dereference of a possibly null reference. [D:\github_repos\LinkDev.Talabat.Solution\LinkDev.Talabat.APIs\LinkDev.Talabat.APIs.csproj]
D:\github_repos\LinkDev.Talabat.Solution\LinkDev.Talabat.APIs\Helpers\MappingProfiles.cs(31,71): warning CS8602: Dereference of a possibly null reference. [D:\github_repos\LinkDev.Talabat.Solution\LinkDev.Talabat.APIs\LinkDev.Talabat.APIs.csproj]
D:\github_repos\LinkDev.Talabat.Solution\LinkDev.Talabat.APIs\Helpers\MappingProfiles.cs(32,75): warning CS8602: Dereference of a possibly null reference. [D:\github_repos\LinkDev.Talabat.Solution\LinkDev.Talabat.APIs\LinkDev.Talabat.APIs.csproj]
D:\github_repos\LinkDev.Talabat.Solution\LinkDev.Talabat.APIs\Controllers\AccountController.cs(133,31): warning CS8602: Dereference of a possibly null reference. [D:\github_repos\LinkDev.Talabat.Solution\LinkDev.Talabat.APIs\LinkDev.Talabat.APIs.csproj]
D:\github_repos\LinkDev.Talabat.Solution\LinkDev.Talabat.APIs\Extensions\ApplicationServicesExtensions.cs(96,54): warning CS8604: Possible null reference argument for parameter 'configuration' in 'ConnectionMultiplexer ConnectionMultiplexer.Connect(string configuration, TextWriter? log = null)'. [D:\github_repos\LinkDev.Talabat.Solution\LinkDev.Talabat.APIs\LinkDev.Talabat.APIs.csproj]
D:\github_repos\LinkDev.Talabat.Solution\LinkDev.Talabat.APIs\Controllers\AccountController.cs(147,60): warning CS8604: Possible null reference argument for parameter 'applicationUser' in 'Task<OperationResult<string>> IAuthService.CreateTokenAsync(ApplicationUser applicationUser)'. [D:\github_repos\LinkDev.Talabat.Solution\LinkDev.Talabat.APIs\LinkDev.Talabat.APIs.csproj]
    59 Warning(s)
    0 Error(s)

Time Elapsed 00:00:05.08
